juil. 03, 2025 1:34:41 AM utilities.LogManager logInfo
INFOS: [2025-07-03 01:34:41.834] [INFO] Initialisation du système de logs
[2025-07-03 01:34:41.834] [INFO] Initialisation du système de logs
juil. 03, 2025 1:34:41 AM utilities.LogManager logInfo
INFOS: [2025-07-03 01:34:41.836] [INFO] Système de logging initialisé avec succès
[2025-07-03 01:34:41.836] [INFO] Système de logging initialisé avec succès
juil. 03, 2025 1:34:41 AM utilities.LogManager logInfo
INFOS: [2025-07-03 01:34:41.837] [INFO] Initialisation du FrontController terminée avec succès
[2025-07-03 01:34:41.837] [INFO] Initialisation du FrontController terminée avec succès
juil. 03, 2025 1:34:51 AM utilities.LogManager logInfo
INFOS: [2025-07-03 01:34:51.120] [INFO] Exécution de ListeClientsController
[2025-07-03 01:34:51.120] [INFO] Exécution de ListeClientsController
juil. 03, 2025 1:34:51 AM utilities.LogManager logInfo
INFOS: [2025-07-03 01:34:51.122] [INFO] Page JSP cible: /WEB-INF/jsp/clients/liste.jsp
[2025-07-03 01:34:51.122] [INFO] Page JSP cible: /WEB-INF/jsp/clients/liste.jsp
juil. 03, 2025 1:34:51 AM utilities.LogManager logInfo
INFOS: [2025-07-03 01:34:51.124] [INFO] URL de redirection après vérification de sécurité: /WEB-INF/jsp/clients/liste.jsp
[2025-07-03 01:34:51.124] [INFO] URL de redirection après vérification de sécurité: /WEB-INF/jsp/clients/liste.jsp
juil. 03, 2025 1:34:51 AM utilities.LogManager logInfo
INFOS: [2025-07-03 01:34:51.125] [INFO] Récupération de la liste des clients
[2025-07-03 01:34:51.125] [INFO] Récupération de la liste des clients
juil. 03, 2025 1:34:51 AM utilities.LogManager logInfo
INFOS: [2025-07-03 01:34:51.729] [INFO] Liste des clients récupérée avec succès
[2025-07-03 01:34:51.729] [INFO] Liste des clients récupérée avec succès
juil. 03, 2025 1:35:13 AM utilities.LogManager logInfo
INFOS: [2025-07-03 01:35:13.393] [INFO] Exécution de ListeClientsController
[2025-07-03 01:35:13.393] [INFO] Exécution de ListeClientsController
juil. 03, 2025 1:35:13 AM utilities.LogManager logInfo
INFOS: [2025-07-03 01:35:13.394] [INFO] Page JSP cible: /WEB-INF/jsp/clients/liste.jsp
[2025-07-03 01:35:13.394] [INFO] Page JSP cible: /WEB-INF/jsp/clients/liste.jsp
juil. 03, 2025 1:35:13 AM utilities.LogManager logInfo
INFOS: [2025-07-03 01:35:13.396] [INFO] URL de redirection après vérification de sécurité: /WEB-INF/jsp/clients/liste.jsp
[2025-07-03 01:35:13.396] [INFO] URL de redirection après vérification de sécurité: /WEB-INF/jsp/clients/liste.jsp
juil. 03, 2025 1:35:13 AM utilities.LogManager logInfo
INFOS: [2025-07-03 01:35:13.397] [INFO] Récupération de la liste des clients
[2025-07-03 01:35:13.397] [INFO] Récupération de la liste des clients
juil. 03, 2025 1:35:13 AM utilities.LogManager logInfo
INFOS: [2025-07-03 01:35:13.411] [INFO] Liste des clients récupérée avec succès
[2025-07-03 01:35:13.411] [INFO] Liste des clients récupérée avec succès
juil. 03, 2025 1:35:16 AM utilities.LogManager logInfo
INFOS: [2025-07-03 01:35:16.058] [INFO] Début de l'exécution de CreationClientsController
[2025-07-03 01:35:16.058] [INFO] Début de l'exécution de CreationClientsController
juil. 03, 2025 1:35:16 AM utilities.LogManager logInfo
INFOS: [2025-07-03 01:35:16.061] [INFO] URL suite après vérification de connexion: /WEB-INF/jsp/clients/create.jsp
[2025-07-03 01:35:16.061] [INFO] URL suite après vérification de connexion: /WEB-INF/jsp/clients/create.jsp
juil. 03, 2025 1:35:16 AM utilities.LogManager logInfo
INFOS: [2025-07-03 01:35:16.062] [INFO] Utilisateur connecté, préparation de la création
[2025-07-03 01:35:16.062] [INFO] Utilisateur connecté, préparation de la création
juil. 03, 2025 1:35:16 AM utilities.LogManager logInfo
INFOS: [2025-07-03 01:35:16.063] [INFO] Fin de l'exécution de CreationClientsController, URL suite: /WEB-INF/jsp/clients/create.jsp
[2025-07-03 01:35:16.063] [INFO] Fin de l'exécution de CreationClientsController, URL suite: /WEB-INF/jsp/clients/create.jsp
juil. 03, 2025 6:25:14 AM utilities.LogManager logInfo
INFOS: [2025-07-03 06:25:14.131] [INFO] Exécution de ListeClientsController
[2025-07-03 06:25:14.131] [INFO] Exécution de ListeClientsController
juil. 03, 2025 6:25:14 AM utilities.LogManager logInfo
INFOS: [2025-07-03 06:25:14.133] [INFO] Page JSP cible: /WEB-INF/jsp/clients/liste.jsp
[2025-07-03 06:25:14.133] [INFO] Page JSP cible: /WEB-INF/jsp/clients/liste.jsp
juil. 03, 2025 6:25:14 AM utilities.LogManager logInfo
INFOS: [2025-07-03 06:25:14.134] [INFO] URL de redirection après vérification de sécurité: /WEB-INF/jsp/clients/liste.jsp
[2025-07-03 06:25:14.134] [INFO] URL de redirection après vérification de sécurité: /WEB-INF/jsp/clients/liste.jsp
juil. 03, 2025 6:25:14 AM utilities.LogManager logInfo
INFOS: [2025-07-03 06:25:14.134] [INFO] Récupération de la liste des clients
[2025-07-03 06:25:14.134] [INFO] Récupération de la liste des clients
juil. 03, 2025 6:25:14 AM utilities.LogManager logInfo
INFOS: [2025-07-03 06:25:14.139] [INFO] Liste des clients récupérée avec succès
[2025-07-03 06:25:14.139] [INFO] Liste des clients récupérée avec succès
juil. 03, 2025 6:26:50 AM utilities.LogManager logInfo
INFOS: [2025-07-03 06:26:50.069] [INFO] Exécution de ListeClientsController
[2025-07-03 06:26:50.069] [INFO] Exécution de ListeClientsController
juil. 03, 2025 6:26:50 AM utilities.LogManager logInfo
INFOS: [2025-07-03 06:26:50.070] [INFO] Page JSP cible: /WEB-INF/jsp/clients/liste.jsp
[2025-07-03 06:26:50.070] [INFO] Page JSP cible: /WEB-INF/jsp/clients/liste.jsp
juil. 03, 2025 6:26:50 AM utilities.LogManager logInfo
INFOS: [2025-07-03 06:26:50.071] [INFO] URL de redirection après vérification de sécurité: /WEB-INF/jsp/clients/liste.jsp
[2025-07-03 06:26:50.071] [INFO] URL de redirection après vérification de sécurité: /WEB-INF/jsp/clients/liste.jsp
juil. 03, 2025 6:26:50 AM utilities.LogManager logInfo
INFOS: [2025-07-03 06:26:50.071] [INFO] Récupération de la liste des clients
[2025-07-03 06:26:50.071] [INFO] Récupération de la liste des clients
juil. 03, 2025 6:26:50 AM utilities.LogManager logInfo
INFOS: [2025-07-03 06:26:50.077] [INFO] Liste des clients récupérée avec succès
[2025-07-03 06:26:50.077] [INFO] Liste des clients récupérée avec succès
juil. 03, 2025 6:33:21 AM utilities.LogManager logInfo
INFOS: [2025-07-03 06:33:21.458] [INFO] EntityManager et EntityManagerFactory fermés avec succès
[2025-07-03 06:33:21.458] [INFO] EntityManager et EntityManagerFactory fermés avec succès
